PS C:\Users\meron\Desktop\侍エンジニアリング\3.課題提出> mkdir git_challenge

    ディレクトリ: C:\Users\meron\Desktop\侍エンジニアリング\3.課題提出
PS C:\Users\meron\Desktop\侍エンジニアリング\3.課題提出\git_challenge> git init
Initialized empty Git repository in C:/Users/meron/Desktop/侍エンジニアリング/3.課題提出/git_challenge/.git/     
PS C:\Users\meron\Desktop\侍エンジニアリング\3.課題提出\git_challenge> git add .
PS C:\Users\meron\Desktop\侍エンジニアリング\3.課題提出\git_challenge> git commit -m "hello_world.txtを追加"     
[main (root-commit) 422ea83] hello_world.txtを追加
 1 file changed, 1 insertion(+)
 create mode 100644 hello_world.txt
PS C:\Users\meron\Desktop\侍エンジニアリング\3.課題提出\git_challenge> git add .                                 
PS C:\Users\meron\Desktop\侍エンジニアリング\3.課題提出\git_challenge> git commit -m "日本語訳を追加"            
[main 6e35d17] 日本語訳を追加
 1 file changed, 2 insertions(+), 1 deletion(-)
PS C:\Users\meron\Desktop\侍エンジニアリング\3.課題提出\git_challenge> mkdir kadai_005
    ディレクトリ: C:\Users\meron\Desktop\侍エンジニアリング\3.課題提出\git_challenge


Mode                 LastWriteTime         Length Name
----                 -------------         ------ ----
d-----        2024/08/08      1:58                kadai_005


PS C:\Users\meron\Desktop\侍エンジニアリング\3.課題提出\git_challenge> git log --oneline
6e35d17 (HEAD -> main) 日本語訳を追加
422ea83 hello_world.txtを追加